{
  "proxyState": {
    "clusters": {
      "admin-port.api-app.default.dc1.internal.foo.consul": {
        "endpointGroup": {
          "dynamic": {
            "config": {
              "disablePanicThreshold": true
            },
            "outboundTls": {
              "alpnProtocols": [
                "consul~admin-port"
              ],
              "outboundMesh": {
                "identityKey": "test-identity",
                "sni": "api-app.default.dc1.internal.foo.consul",
                "validationContext": {
                  "spiffeIds": [
                    "spiffe://foo.consul/ap/default/ns/default/identity/api-app-identity"
                  ]
                }
              }
            }
          }
        }
      },
      "admin-port.api-app2.default.dc1.internal.foo.consul": {
        "endpointGroup": {
          "dynamic": {
            "config": {
              "disablePanicThreshold": true
            },
            "outboundTls": {
              "alpnProtocols": [
                "consul~admin-port"
              ],
              "outboundMesh": {
                "identityKey": "test-identity",
                "sni": "api-app2.default.dc1.internal.foo.consul",
                "validationContext": {
                  "spiffeIds": [
                    "spiffe://foo.consul/ap/default/ns/default/identity/api-app2-identity"
                  ]
                }
              }
            }
          }
        }
      },
      "api-port.api-app.default.dc1.internal.foo.consul": {
        "endpointGroup": {
          "dynamic": {
            "config": {
              "disablePanicThreshold": true
            },
            "outboundTls": {
              "alpnProtocols": [
                "consul~api-port"
              ],
              "outboundMesh": {
                "identityKey": "test-identity",
                "sni": "api-app.default.dc1.internal.foo.consul",
                "validationContext": {
                  "spiffeIds": [
                    "spiffe://foo.consul/ap/default/ns/default/identity/api-app-identity"
                  ]
                }
              }
            }
          }
        }
      },
      "api-port.api-app2.default.dc1.internal.foo.consul": {
        "endpointGroup": {
          "dynamic": {
            "config": {
              "disablePanicThreshold": true
            },
            "outboundTls": {
              "alpnProtocols": [
                "consul~api-port"
              ],
              "outboundMesh": {
                "identityKey": "test-identity",
                "sni": "api-app2.default.dc1.internal.foo.consul",
                "validationContext": {
                  "spiffeIds": [
                    "spiffe://foo.consul/ap/default/ns/default/identity/api-app2-identity"
                  ]
                }
              }
            }
          }
        }
      }
    },
    "identity": {
      "name": "test-identity",
      "tenancy": {
        "namespace": "default",
        "partition": "default",
        "peerName": "local"
      }
    },
    "listeners": [
      {
        "capabilities": [
          "CAPABILITY_TRANSPARENT"
        ],
        "direction": "DIRECTION_OUTBOUND",
        "hostPort": {
          "host": "127.0.0.1",
          "port": 15001
        },
        "name": "outbound_listener",
        "routers": [
          {
            "l4": {
              "name": "admin-port.api-app.default.dc1.internal.foo.consul",
              "statPrefix": "upstream.admin-port.api-app.default.default.dc1"
            },
            "match": {
              "destinationPort": 8080,
              "prefixRanges": [
                {
                  "addressPrefix": "1.1.1.1",
                  "prefixLen": 32
                }
              ]
            }
          },
          {
            "l4": {
              "name": "admin-port.api-app2.default.dc1.internal.foo.consul",
              "statPrefix": "upstream.admin-port.api-app2.default.default.dc1"
            },
            "match": {
              "destinationPort": 8080,
              "prefixRanges": [
                {
                  "addressPrefix": "2.2.2.2",
                  "prefixLen": 32
                },
                {
                  "addressPrefix": "3.3.3.3",
                  "prefixLen": 32
                }
              ]
            }
          },
          {
            "l4": {
              "name": "api-port.api-app.default.dc1.internal.foo.consul",
              "statPrefix": "upstream.api-port.api-app.default.default.dc1"
            },
            "match": {
              "destinationPort": 9090,
              "prefixRanges": [
                {
                  "addressPrefix": "1.1.1.1",
                  "prefixLen": 32
                }
              ]
            }
          },
          {
            "l4": {
              "name": "api-port.api-app2.default.dc1.internal.foo.consul",
              "statPrefix": "upstream.api-port.api-app2.default.default.dc1"
            },
            "match": {
              "destinationPort": 9090,
              "prefixRanges": [
                {
                  "addressPrefix": "2.2.2.2",
                  "prefixLen": 32
                },
                {
                  "addressPrefix": "3.3.3.3",
                  "prefixLen": 32
                }
              ]
            }
          }
        ]
      }
    ]
  },
  "requiredEndpoints": {
    "api-app.default.dc1.internal.foo.consul": {
      "id": {
        "name": "api-app",
        "tenancy": {
          "namespace": "default",
          "partition": "default",
          "peerName": "local"
        },
        "type": {
          "group": "catalog",
          "groupVersion": "v1alpha1",
          "kind": "ServiceEndpoints"
        }
      },
      "port": "mesh"
    },
    "api-app2.default.dc1.internal.foo.consul": {
      "id": {
        "name": "api-app2",
        "tenancy": {
          "namespace": "default",
          "partition": "default",
          "peerName": "local"
        },
        "type": {
          "group": "catalog",
          "groupVersion": "v1alpha1",
          "kind": "ServiceEndpoints"
        }
      },
      "port": "mesh"
    }
  }
}